// Jest Snapshot v1, https://goo.gl/fbAQLP

exports[`<player /> render correct  1`] = `
<video
  crossOrigin="anonymous"
  height="175"
  width="280"
/>
`;
