// Jest Snapshot v1, https://goo.gl/fbAQLP

exports[`FilmList render Filmlist 1`] = `
<div
  className="catalog__movies-list"
>
  <article
    className="small-movie-card catalog__movies-card"
    id={1}
    onMouseEnter={[Function]}
    onMouseLeave={[Function]}
  >
    <div
      className="small-movie-card__image"
    >
      <video
        crossOrigin="anonymous"
        height="175"
        width="280"
      />
    </div>
    <h3
      className="small-movie-card__title"
    >
      <a
        className="small-movie-card__link"
        href="movie-page.html"
        onClick={[MockFunction]}
      >
        Gangs of new york
      </a>
    </h3>
  </article>
  <article
    className="small-movie-card catalog__movies-card"
    id={9}
    onMouseEnter={[Function]}
    onMouseLeave={[Function]}
  >
    <div
      className="small-movie-card__image"
    >
      <video
        crossOrigin="anonymous"
        height="175"
        width="280"
      />
    </div>
    <h3
      className="small-movie-card__title"
    >
      <a
        className="small-movie-card__link"
        href="movie-page.html"
        onClick={[MockFunction]}
      >
        Once Upon a Time in America
      </a>
    </h3>
  </article>
  <article
    className="small-movie-card catalog__movies-card"
    id={10}
    onMouseEnter={[Function]}
    onMouseLeave={[Function]}
  >
    <div
      className="small-movie-card__image"
    >
      <video
        crossOrigin="anonymous"
        height="175"
        width="280"
      />
    </div>
    <h3
      className="small-movie-card__title"
    >
      <a
        className="small-movie-card__link"
        href="movie-page.html"
        onClick={[MockFunction]}
      >
        Gangs of new york
      </a>
    </h3>
  </article>
  <article
    className="small-movie-card catalog__movies-card"
    id={18}
    onMouseEnter={[Function]}
    onMouseLeave={[Function]}
  >
    <div
      className="small-movie-card__image"
    >
      <video
        crossOrigin="anonymous"
        height="175"
        width="280"
      />
    </div>
    <h3
      className="small-movie-card__title"
    >
      <a
        className="small-movie-card__link"
        href="movie-page.html"
        onClick={[MockFunction]}
      >
        Once Upon a Time in America
      </a>
    </h3>
  </article>
</div>
`;
